

================================================================
== Vitis HLS Report for 'dense_latency_ap_fixed_16_6_5_3_0_ap_fixed_16_6_5_3_0_config8_s'
================================================================
* Date:           Wed Apr 16 07:18:21 2025

* Version:        2022.1 (Build 3526262 on Mon Apr 18 15:47:01 MDT 2022)
* Project:        myproject_prj
* Solution:       solution1 (Vivado IP Flow Target)
* Product family: virtexuplus
* Target device:  xcu55c-fsvh2892-2L-e


================================================================
== Performance Estimates
================================================================
+ Timing: 
    * Summary: 
    +--------+---------+----------+------------+
    |  Clock |  Target | Estimated| Uncertainty|
    +--------+---------+----------+------------+
    |ap_clk  |  5.00 ns|  3.603 ns|     1.35 ns|
    +--------+---------+----------+------------+

+ Latency: 
    * Summary: 
    +---------+---------+----------+----------+-----+-----+---------+
    |  Latency (cycles) |  Latency (absolute) |  Interval | Pipeline|
    |   min   |   max   |    min   |    max   | min | max |   Type  |
    +---------+---------+----------+----------+-----+-----+---------+
    |        0|        0|      0 ns|      0 ns|    1|    1|      yes|
    +---------+---------+----------+----------+-----+-----+---------+

    + Detail: 
        * Instance: 
        N/A

        * Loop: 
        N/A



================================================================
== Utilization Estimates
================================================================
* Summary: 
+---------------------+---------+------+---------+---------+-----+
|         Name        | BRAM_18K|  DSP |    FF   |   LUT   | URAM|
+---------------------+---------+------+---------+---------+-----+
|DSP                  |        -|     -|        -|        -|    -|
|Expression           |        -|     -|        0|     1242|    -|
|FIFO                 |        -|     -|        -|        -|    -|
|Instance             |        -|     -|        -|        -|    -|
|Memory               |        -|     -|        -|        -|    -|
|Multiplexer          |        -|     -|        -|        -|    -|
|Register             |        -|     -|        -|        -|    -|
+---------------------+---------+------+---------+---------+-----+
|Total                |        0|     0|        0|     1242|    0|
+---------------------+---------+------+---------+---------+-----+
|Available SLR        |     1344|  3008|   869120|   434560|  320|
+---------------------+---------+------+---------+---------+-----+
|Utilization SLR (%)  |        0|     0|        0|       ~0|    0|
+---------------------+---------+------+---------+---------+-----+
|Available            |     4032|  9024|  2607360|  1303680|  960|
+---------------------+---------+------+---------+---------+-----+
|Utilization (%)      |        0|     0|        0|       ~0|    0|
+---------------------+---------+------+---------+---------+-----+

+ Detail: 
    * Instance: 
    N/A

    * DSP: 
    N/A

    * Memory: 
    N/A

    * FIFO: 
    N/A

    * Expression: 
    +--------------------------+----------+----+---+----+------------+------------+
    |       Variable Name      | Operation| DSP| FF| LUT| Bitwidth P0| Bitwidth P1|
    +--------------------------+----------+----+---+----+------------+------------+
    |add_ln859_10_fu_1386_p2   |         +|   0|  0|  16|          16|          16|
    |add_ln859_11_fu_1392_p2   |         +|   0|  0|  16|          16|          16|
    |add_ln859_12_fu_1398_p2   |         +|   0|  0|  16|          16|          16|
    |add_ln859_13_fu_1404_p2   |         +|   0|  0|  16|          16|          16|
    |add_ln859_14_fu_1410_p2   |         +|   0|  0|  16|          16|          16|
    |add_ln859_15_fu_1416_p2   |         +|   0|  0|  16|          16|          16|
    |add_ln859_16_fu_1422_p2   |         +|   0|  0|  22|          15|          15|
    |add_ln859_17_fu_1432_p2   |         +|   0|  0|  16|          16|          16|
    |add_ln859_18_fu_1438_p2   |         +|   0|  0|  16|          16|          16|
    |add_ln859_19_fu_1444_p2   |         +|   0|  0|  23|          16|          16|
    |add_ln859_1_fu_1328_p2    |         +|   0|  0|  16|          16|          16|
    |add_ln859_20_fu_1450_p2   |         +|   0|  0|  23|          16|          16|
    |add_ln859_21_fu_1456_p2   |         +|   0|  0|  16|          16|          16|
    |add_ln859_22_fu_1462_p2   |         +|   0|  0|  16|          16|          16|
    |add_ln859_23_fu_1468_p2   |         +|   0|  0|  20|          13|          13|
    |add_ln859_24_fu_1478_p2   |         +|   0|  0|  16|          16|          16|
    |add_ln859_25_fu_1484_p2   |         +|   0|  0|  16|          16|          16|
    |add_ln859_26_fu_1490_p2   |         +|   0|  0|  16|          16|          16|
    |add_ln859_2_fu_1334_p2    |         +|   0|  0|  22|          15|          15|
    |add_ln859_3_fu_1344_p2    |         +|   0|  0|  16|          16|          16|
    |add_ln859_4_fu_1350_p2    |         +|   0|  0|  16|          16|          16|
    |add_ln859_5_fu_1356_p2    |         +|   0|  0|  16|          16|          16|
    |add_ln859_6_fu_1362_p2    |         +|   0|  0|  23|          16|          16|
    |add_ln859_7_fu_1368_p2    |         +|   0|  0|  16|          16|          16|
    |add_ln859_8_fu_1374_p2    |         +|   0|  0|  16|          16|          16|
    |add_ln859_9_fu_1380_p2    |         +|   0|  0|  23|          16|          16|
    |add_ln859_fu_1318_p2      |         +|   0|  0|  22|          15|          15|
    |ap_return                 |         +|   0|  0|  16|          16|          16|
    |r_V_13_fu_826_p2          |         +|   0|  0|  27|          20|          20|
    |r_V_14_fu_862_p2          |         +|   0|  0|  26|          19|          19|
    |r_V_23_fu_1218_p2         |         +|   0|  0|  27|          20|          20|
    |r_V_6_fu_536_p2           |         +|   0|  0|  27|          20|          20|
    |r_V_10_fu_704_p2          |         -|   0|  0|  27|           1|          20|
    |r_V_11_fu_748_p2          |         -|   0|  0|  27|          20|          20|
    |r_V_12_fu_790_p2          |         -|   0|  0|  19|          19|          19|
    |r_V_15_fu_898_p2          |         -|   0|  0|  27|          20|          20|
    |r_V_16_fu_934_p2          |         -|   0|  0|  26|          19|          19|
    |r_V_17_fu_978_p2          |         -|   0|  0|  27|          20|          20|
    |r_V_18_fu_1028_p2         |         -|   0|  0|  27|          20|          20|
    |r_V_19_fu_1064_p2         |         -|   0|  0|  26|          19|          19|
    |r_V_1_fu_344_p2           |         -|   0|  0|  24|           1|          17|
    |r_V_20_fu_1106_p2         |         -|   0|  0|  19|          19|          19|
    |r_V_21_fu_1138_p2         |         -|   0|  0|  25|           1|          18|
    |r_V_22_fu_1182_p2         |         -|   0|  0|  27|          20|          20|
    |r_V_24_fu_1254_p2         |         -|   0|  0|  27|          20|          20|
    |r_V_25_fu_1298_p2         |         -|   0|  0|  27|          20|          20|
    |r_V_2_fu_376_p2           |         -|   0|  0|  26|           1|          19|
    |r_V_3_fu_418_p2           |         -|   0|  0|  19|          19|          19|
    |r_V_4_fu_460_p2           |         -|   0|  0|  19|          19|          19|
    |r_V_5_fu_492_p2           |         -|   0|  0|  25|           1|          18|
    |r_V_7_fu_600_p2           |         -|   0|  0|  26|          19|          19|
    |r_V_8_fu_636_p2           |         -|   0|  0|  27|          20|          20|
    |r_V_9_fu_672_p2           |         -|   0|  0|  26|          19|          19|
    |r_V_fu_320_p2             |         -|   0|  0|  19|          19|          19|
    |sub_ln1319_14_fu_784_p2   |         -|   0|  0|  19|           1|          19|
    |sub_ln1319_21_fu_1100_p2  |         -|   0|  0|  19|           1|          19|
    |sub_ln1319_4_fu_412_p2    |         -|   0|  0|  19|           1|          19|
    |sub_ln1319_6_fu_454_p2    |         -|   0|  0|  19|           1|          19|
    |sub_ln1319_fu_314_p2      |         -|   0|  0|  19|           1|          19|
    +--------------------------+----------+----+---+----+------------+------------+
    |Total                     |          |   0|  0|1242|         862|        1039|
    +--------------------------+----------+----+---+----+------------+------------+

    * Multiplexer: 
    N/A

    * Register: 
    N/A



================================================================
== Interface
================================================================
* Summary: 
+-----------+-----+-----+------------+----------------------------------------------------------------------------+--------------+
| RTL Ports | Dir | Bits|  Protocol  |                                Source Object                               |    C Type    |
+-----------+-----+-----+------------+----------------------------------------------------------------------------+--------------+
|ap_ready   |  out|    1|  ap_ctrl_hs|  dense_latency<ap_fixed<16, 6, 5, 3, 0>, ap_fixed<16, 6, 5, 3, 0>, config8>|  return value|
|ap_return  |  out|   16|  ap_ctrl_hs|  dense_latency<ap_fixed<16, 6, 5, 3, 0>, ap_fixed<16, 6, 5, 3, 0>, config8>|  return value|
|p_read     |   in|   16|     ap_none|                                                                      p_read|        scalar|
|p_read1    |   in|   16|     ap_none|                                                                     p_read1|        scalar|
|p_read2    |   in|   16|     ap_none|                                                                     p_read2|        scalar|
|p_read3    |   in|   16|     ap_none|                                                                     p_read3|        scalar|
|p_read4    |   in|   16|     ap_none|                                                                     p_read4|        scalar|
|p_read5    |   in|   16|     ap_none|                                                                     p_read5|        scalar|
|p_read6    |   in|   16|     ap_none|                                                                     p_read6|        scalar|
|p_read7    |   in|   16|     ap_none|                                                                     p_read7|        scalar|
|p_read8    |   in|   16|     ap_none|                                                                     p_read8|        scalar|
|p_read9    |   in|   16|     ap_none|                                                                     p_read9|        scalar|
|p_read10   |   in|   16|     ap_none|                                                                    p_read10|        scalar|
|p_read11   |   in|   16|     ap_none|                                                                    p_read11|        scalar|
|p_read12   |   in|   16|     ap_none|                                                                    p_read12|        scalar|
|p_read13   |   in|   16|     ap_none|                                                                    p_read13|        scalar|
|p_read14   |   in|   16|     ap_none|                                                                    p_read14|        scalar|
|p_read15   |   in|   16|     ap_none|                                                                    p_read15|        scalar|
|p_read16   |   in|   16|     ap_none|                                                                    p_read16|        scalar|
|p_read17   |   in|   16|     ap_none|                                                                    p_read17|        scalar|
|p_read18   |   in|   16|     ap_none|                                                                    p_read18|        scalar|
|p_read19   |   in|   16|     ap_none|                                                                    p_read19|        scalar|
|p_read20   |   in|   16|     ap_none|                                                                    p_read20|        scalar|
|p_read21   |   in|   16|     ap_none|                                                                    p_read21|        scalar|
|p_read22   |   in|   16|     ap_none|                                                                    p_read22|        scalar|
|p_read23   |   in|   16|     ap_none|                                                                    p_read23|        scalar|
|p_read24   |   in|   16|     ap_none|                                                                    p_read24|        scalar|
|p_read25   |   in|   16|     ap_none|                                                                    p_read25|        scalar|
|p_read26   |   in|   16|     ap_none|                                                                    p_read26|        scalar|
|p_read27   |   in|   16|     ap_none|                                                                    p_read27|        scalar|
|p_read28   |   in|   16|     ap_none|                                                                    p_read28|        scalar|
+-----------+-----+-----+------------+----------------------------------------------------------------------------+--------------+

