

================================================================
== Vitis HLS Report for 'myproject'
================================================================
* Date:           Wed Apr 16 07:18:22 2025

* Version:        2022.1 (Build 3526262 on Mon Apr 18 15:47:01 MDT 2022)
* Project:        myproject_prj
* Solution:       solution1 (Vivado IP Flow Target)
* Product family: virtexuplus
* Target device:  xcu55c-fsvh2892-2L-e


================================================================
== Performance Estimates
================================================================
+ Timing: 
    * Summary: 
    +--------+---------+----------+------------+
    |  Clock |  Target | Estimated| Uncertainty|
    +--------+---------+----------+------------+
    |ap_clk  |  5.00 ns|  3.645 ns|     1.35 ns|
    +--------+---------+----------+------------+

+ Latency: 
    * Summary: 
    +---------+---------+-----------+-----------+-----+-----+---------+
    |  Latency (cycles) |   Latency (absolute)  |  Interval | Pipeline|
    |   min   |   max   |    min    |    max    | min | max |   Type  |
    +---------+---------+-----------+-----------+-----+-----+---------+
    |        9|        9|  45.000 ns|  45.000 ns|    1|    1|      yes|
    +---------+---------+-----------+-----------+-----+-----+---------+

    + Detail: 
        * Instance: 
        +-------------------------------------------------------------------------------------+--------------------------------------------------------------------+---------+---------+-----------+-----------+-----+-----+---------+
        |                                                                                     |                                                                    |  Latency (cycles) |   Latency (absolute)  |  Interval | Pipeline|
        |                                       Instance                                      |                               Module                               |   min   |   max   |    min    |    max    | min | max |   Type  |
        +-------------------------------------------------------------------------------------+--------------------------------------------------------------------+---------+---------+-----------+-----------+-----+-----+---------+
        |grp_dense_latency_ap_fixed_16_6_5_3_0_ap_fixed_16_6_5_3_0_config2_s_fu_53            |dense_latency_ap_fixed_16_6_5_3_0_ap_fixed_16_6_5_3_0_config2_s     |        1|        1|   5.000 ns|   5.000 ns|    1|    1|      yes|
        |call_ret2_relu_ap_fixed_16_6_5_3_0_ap_fixed_16_6_5_3_0_relu_config4_s_fu_59          |relu_ap_fixed_16_6_5_3_0_ap_fixed_16_6_5_3_0_relu_config4_s         |        0|        0|       0 ns|       0 ns|    1|    1|      yes|
        |grp_dense_latency_ap_fixed_16_6_5_3_0_ap_fixed_16_6_5_3_0_config5_s_fu_127           |dense_latency_ap_fixed_16_6_5_3_0_ap_fixed_16_6_5_3_0_config5_s     |        1|        1|   5.000 ns|   5.000 ns|    1|    1|      yes|
        |call_ret4_relu_ap_fixed_16_6_5_3_0_ap_fixed_16_6_5_3_0_relu_config7_s_fu_195         |relu_ap_fixed_16_6_5_3_0_ap_fixed_16_6_5_3_0_relu_config7_s         |        0|        0|       0 ns|       0 ns|    1|    1|      yes|
        |layer8_out_V_dense_latency_ap_fixed_16_6_5_3_0_ap_fixed_16_6_5_3_0_config8_s_fu_228  |dense_latency_ap_fixed_16_6_5_3_0_ap_fixed_16_6_5_3_0_config8_s     |        0|        0|       0 ns|       0 ns|    1|    1|      yes|
        |grp_sigmoid_ap_fixed_16_6_5_3_0_ap_fixed_16_6_5_3_0_sigmoid_config10_s_fu_261        |sigmoid_ap_fixed_16_6_5_3_0_ap_fixed_16_6_5_3_0_sigmoid_config10_s  |        2|        2|  10.000 ns|  10.000 ns|    1|    1|      yes|
        +-------------------------------------------------------------------------------------+--------------------------------------------------------------------+---------+---------+-----------+-----------+-----+-----+---------+

        * Loop: 
        N/A



================================================================
== Utilization Estimates
================================================================
* Summary: 
+---------------------+---------+------+---------+---------+-----+
|         Name        | BRAM_18K|  DSP |    FF   |   LUT   | URAM|
+---------------------+---------+------+---------+---------+-----+
|DSP                  |        -|     -|        -|        -|    -|
|Expression           |        -|     -|        0|        2|    -|
|FIFO                 |        -|     -|        -|        -|    -|
|Instance             |        1|    38|     7522|    69645|    -|
|Memory               |        -|     -|        -|        -|    -|
|Multiplexer          |        -|     -|        -|        -|    -|
|Register             |        -|     -|     3003|        -|    -|
+---------------------+---------+------+---------+---------+-----+
|Total                |        1|    38|    10525|    69647|    0|
+---------------------+---------+------+---------+---------+-----+
|Available SLR        |     1344|  3008|   869120|   434560|  320|
+---------------------+---------+------+---------+---------+-----+
|Utilization SLR (%)  |       ~0|     1|        1|       16|    0|
+---------------------+---------+------+---------+---------+-----+
|Available            |     4032|  9024|  2607360|  1303680|  960|
+---------------------+---------+------+---------+---------+-----+
|Utilization (%)      |       ~0|    ~0|       ~0|        5|    0|
+---------------------+---------+------+---------+---------+-----+

+ Detail: 
    * Instance: 
    +-------------------------------------------------------------------------------------+--------------------------------------------------------------------+---------+----+------+-------+-----+
    |                                       Instance                                      |                               Module                               | BRAM_18K| DSP|  FF  |  LUT  | URAM|
    +-------------------------------------------------------------------------------------+--------------------------------------------------------------------+---------+----+------+-------+-----+
    |grp_dense_latency_ap_fixed_16_6_5_3_0_ap_fixed_16_6_5_3_0_config2_s_fu_53            |dense_latency_ap_fixed_16_6_5_3_0_ap_fixed_16_6_5_3_0_config2_s     |        0|  38|  2697|  17437|    0|
    |grp_dense_latency_ap_fixed_16_6_5_3_0_ap_fixed_16_6_5_3_0_config5_s_fu_127           |dense_latency_ap_fixed_16_6_5_3_0_ap_fixed_16_6_5_3_0_config5_s     |        0|   0|  4812|  48217|    0|
    |layer8_out_V_dense_latency_ap_fixed_16_6_5_3_0_ap_fixed_16_6_5_3_0_config8_s_fu_228  |dense_latency_ap_fixed_16_6_5_3_0_ap_fixed_16_6_5_3_0_config8_s     |        0|   0|     0|   1242|    0|
    |call_ret2_relu_ap_fixed_16_6_5_3_0_ap_fixed_16_6_5_3_0_relu_config4_s_fu_59          |relu_ap_fixed_16_6_5_3_0_ap_fixed_16_6_5_3_0_relu_config4_s         |        0|   0|     0|   1792|    0|
    |call_ret4_relu_ap_fixed_16_6_5_3_0_ap_fixed_16_6_5_3_0_relu_config7_s_fu_195         |relu_ap_fixed_16_6_5_3_0_ap_fixed_16_6_5_3_0_relu_config7_s         |        0|   0|     0|    812|    0|
    |grp_sigmoid_ap_fixed_16_6_5_3_0_ap_fixed_16_6_5_3_0_sigmoid_config10_s_fu_261        |sigmoid_ap_fixed_16_6_5_3_0_ap_fixed_16_6_5_3_0_sigmoid_config10_s  |        1|   0|    13|    145|    0|
    +-------------------------------------------------------------------------------------+--------------------------------------------------------------------+---------+----+------+-------+-----+
    |Total                                                                                |                                                                    |        1|  38|  7522|  69645|    0|
    +-------------------------------------------------------------------------------------+--------------------------------------------------------------------+---------+----+------+-------+-----+

    * DSP: 
    N/A

    * Memory: 
    N/A

    * FIFO: 
    N/A

    * Expression: 
    +---------------+----------+----+---+----+------------+------------+
    | Variable Name | Operation| DSP| FF| LUT| Bitwidth P0| Bitwidth P1|
    +---------------+----------+----+---+----+------------+------------+
    |ap_enable_pp0  |       xor|   0|  0|   2|           1|           2|
    +---------------+----------+----+---+----+------------+------------+
    |Total          |          |   0|  0|   2|           1|           2|
    +---------------+----------+----+---+----+------------+------------+

    * Multiplexer: 
    N/A

    * Register: 
    +--------------------------------------------------------------------------------------------+----+----+-----+-----------+
    |                                            Name                                            | FF | LUT| Bits| Const Bits|
    +--------------------------------------------------------------------------------------------+----+----+-----+-----------+
    |ap_CS_fsm                                                                                   |   1|   0|    1|          0|
    |ap_enable_reg_pp0_iter1                                                                     |   1|   0|    1|          0|
    |ap_enable_reg_pp0_iter2                                                                     |   1|   0|    1|          0|
    |ap_enable_reg_pp0_iter3                                                                     |   1|   0|    1|          0|
    |ap_enable_reg_pp0_iter4                                                                     |   1|   0|    1|          0|
    |ap_enable_reg_pp0_iter5                                                                     |   1|   0|    1|          0|
    |ap_enable_reg_pp0_iter6                                                                     |   1|   0|    1|          0|
    |ap_enable_reg_pp0_iter7                                                                     |   1|   0|    1|          0|
    |ap_enable_reg_pp0_iter8                                                                     |   1|   0|    1|          0|
    |ap_enable_reg_pp0_iter9                                                                     |   1|   0|    1|          0|
    |grp_sigmoid_ap_fixed_16_6_5_3_0_ap_fixed_16_6_5_3_0_sigmoid_config10_s_fu_261_ap_start_reg  |   1|   0|    1|          0|
    |layer2_out_V_10_reg_1067                                                                    |  16|   0|   16|          0|
    |layer2_out_V_11_reg_1072                                                                    |  16|   0|   16|          0|
    |layer2_out_V_12_reg_1077                                                                    |  16|   0|   16|          0|
    |layer2_out_V_13_reg_1082                                                                    |  16|   0|   16|          0|
    |layer2_out_V_14_reg_1087                                                                    |  16|   0|   16|          0|
    |layer2_out_V_15_reg_1092                                                                    |  16|   0|   16|          0|
    |layer2_out_V_16_reg_1097                                                                    |  16|   0|   16|          0|
    |layer2_out_V_17_reg_1102                                                                    |  16|   0|   16|          0|
    |layer2_out_V_18_reg_1107                                                                    |  16|   0|   16|          0|
    |layer2_out_V_19_reg_1112                                                                    |  16|   0|   16|          0|
    |layer2_out_V_1_reg_1022                                                                     |  16|   0|   16|          0|
    |layer2_out_V_20_reg_1117                                                                    |  16|   0|   16|          0|
    |layer2_out_V_21_reg_1122                                                                    |  16|   0|   16|          0|
    |layer2_out_V_22_reg_1127                                                                    |  16|   0|   16|          0|
    |layer2_out_V_23_reg_1132                                                                    |  16|   0|   16|          0|
    |layer2_out_V_24_reg_1137                                                                    |  16|   0|   16|          0|
    |layer2_out_V_25_reg_1142                                                                    |  16|   0|   16|          0|
    |layer2_out_V_26_reg_1147                                                                    |  16|   0|   16|          0|
    |layer2_out_V_27_reg_1152                                                                    |  16|   0|   16|          0|
    |layer2_out_V_28_reg_1157                                                                    |  16|   0|   16|          0|
    |layer2_out_V_29_reg_1162                                                                    |  16|   0|   16|          0|
    |layer2_out_V_2_reg_1027                                                                     |  16|   0|   16|          0|
    |layer2_out_V_30_reg_1167                                                                    |  16|   0|   16|          0|
    |layer2_out_V_31_reg_1172                                                                    |  16|   0|   16|          0|
    |layer2_out_V_32_reg_1177                                                                    |  16|   0|   16|          0|
    |layer2_out_V_33_reg_1182                                                                    |  16|   0|   16|          0|
    |layer2_out_V_34_reg_1187                                                                    |  16|   0|   16|          0|
    |layer2_out_V_35_reg_1192                                                                    |  16|   0|   16|          0|
    |layer2_out_V_36_reg_1197                                                                    |  16|   0|   16|          0|
    |layer2_out_V_37_reg_1202                                                                    |  16|   0|   16|          0|
    |layer2_out_V_38_reg_1207                                                                    |  16|   0|   16|          0|
    |layer2_out_V_39_reg_1212                                                                    |  16|   0|   16|          0|
    |layer2_out_V_3_reg_1032                                                                     |  16|   0|   16|          0|
    |layer2_out_V_40_reg_1217                                                                    |  16|   0|   16|          0|
    |layer2_out_V_41_reg_1222                                                                    |  16|   0|   16|          0|
    |layer2_out_V_42_reg_1227                                                                    |  16|   0|   16|          0|
    |layer2_out_V_43_reg_1232                                                                    |  16|   0|   16|          0|
    |layer2_out_V_44_reg_1237                                                                    |  16|   0|   16|          0|
    |layer2_out_V_45_reg_1242                                                                    |  16|   0|   16|          0|
    |layer2_out_V_46_reg_1247                                                                    |  16|   0|   16|          0|
    |layer2_out_V_47_reg_1252                                                                    |  16|   0|   16|          0|
    |layer2_out_V_48_reg_1257                                                                    |  16|   0|   16|          0|
    |layer2_out_V_49_reg_1262                                                                    |  16|   0|   16|          0|
    |layer2_out_V_4_reg_1037                                                                     |  16|   0|   16|          0|
    |layer2_out_V_50_reg_1267                                                                    |  16|   0|   16|          0|
    |layer2_out_V_51_reg_1272                                                                    |  16|   0|   16|          0|
    |layer2_out_V_52_reg_1277                                                                    |  16|   0|   16|          0|
    |layer2_out_V_53_reg_1282                                                                    |  16|   0|   16|          0|
    |layer2_out_V_54_reg_1287                                                                    |  16|   0|   16|          0|
    |layer2_out_V_55_reg_1292                                                                    |  16|   0|   16|          0|
    |layer2_out_V_56_reg_1297                                                                    |  16|   0|   16|          0|
    |layer2_out_V_57_reg_1302                                                                    |  16|   0|   16|          0|
    |layer2_out_V_58_reg_1307                                                                    |  16|   0|   16|          0|
    |layer2_out_V_59_reg_1312                                                                    |  16|   0|   16|          0|
    |layer2_out_V_5_reg_1042                                                                     |  16|   0|   16|          0|
    |layer2_out_V_60_reg_1317                                                                    |  16|   0|   16|          0|
    |layer2_out_V_61_reg_1322                                                                    |  16|   0|   16|          0|
    |layer2_out_V_62_reg_1327                                                                    |  16|   0|   16|          0|
    |layer2_out_V_63_reg_1332                                                                    |  16|   0|   16|          0|
    |layer2_out_V_6_reg_1047                                                                     |  16|   0|   16|          0|
    |layer2_out_V_7_reg_1052                                                                     |  16|   0|   16|          0|
    |layer2_out_V_8_reg_1057                                                                     |  16|   0|   16|          0|
    |layer2_out_V_9_reg_1062                                                                     |  16|   0|   16|          0|
    |layer2_out_V_reg_1017                                                                       |  16|   0|   16|          0|
    |layer4_out_V_10_reg_1387                                                                    |  16|   0|   16|          0|
    |layer4_out_V_11_reg_1392                                                                    |  16|   0|   16|          0|
    |layer4_out_V_12_reg_1397                                                                    |  16|   0|   16|          0|
    |layer4_out_V_13_reg_1402                                                                    |  16|   0|   16|          0|
    |layer4_out_V_14_reg_1407                                                                    |  16|   0|   16|          0|
    |layer4_out_V_15_reg_1412                                                                    |  16|   0|   16|          0|
    |layer4_out_V_16_reg_1417                                                                    |  16|   0|   16|          0|
    |layer4_out_V_17_reg_1422                                                                    |  16|   0|   16|          0|
    |layer4_out_V_18_reg_1427                                                                    |  16|   0|   16|          0|
    |layer4_out_V_19_reg_1432                                                                    |  16|   0|   16|          0|
    |layer4_out_V_1_reg_1342                                                                     |  16|   0|   16|          0|
    |layer4_out_V_20_reg_1437                                                                    |  16|   0|   16|          0|
    |layer4_out_V_21_reg_1442                                                                    |  16|   0|   16|          0|
    |layer4_out_V_22_reg_1447                                                                    |  16|   0|   16|          0|
    |layer4_out_V_23_reg_1452                                                                    |  16|   0|   16|          0|
    |layer4_out_V_24_reg_1457                                                                    |  16|   0|   16|          0|
    |layer4_out_V_25_reg_1462                                                                    |  16|   0|   16|          0|
    |layer4_out_V_26_reg_1467                                                                    |  16|   0|   16|          0|
    |layer4_out_V_27_reg_1472                                                                    |  16|   0|   16|          0|
    |layer4_out_V_28_reg_1477                                                                    |  16|   0|   16|          0|
    |layer4_out_V_29_reg_1482                                                                    |  16|   0|   16|          0|
    |layer4_out_V_2_reg_1347                                                                     |  16|   0|   16|          0|
    |layer4_out_V_30_reg_1487                                                                    |  16|   0|   16|          0|
    |layer4_out_V_31_reg_1492                                                                    |  16|   0|   16|          0|
    |layer4_out_V_32_reg_1497                                                                    |  16|   0|   16|          0|
    |layer4_out_V_33_reg_1502                                                                    |  16|   0|   16|          0|
    |layer4_out_V_34_reg_1507                                                                    |  16|   0|   16|          0|
    |layer4_out_V_35_reg_1512                                                                    |  16|   0|   16|          0|
    |layer4_out_V_36_reg_1517                                                                    |  16|   0|   16|          0|
    |layer4_out_V_37_reg_1522                                                                    |  16|   0|   16|          0|
    |layer4_out_V_38_reg_1527                                                                    |  16|   0|   16|          0|
    |layer4_out_V_39_reg_1532                                                                    |  16|   0|   16|          0|
    |layer4_out_V_3_reg_1352                                                                     |  16|   0|   16|          0|
    |layer4_out_V_40_reg_1537                                                                    |  16|   0|   16|          0|
    |layer4_out_V_41_reg_1542                                                                    |  16|   0|   16|          0|
    |layer4_out_V_42_reg_1547                                                                    |  16|   0|   16|          0|
    |layer4_out_V_43_reg_1552                                                                    |  16|   0|   16|          0|
    |layer4_out_V_44_reg_1557                                                                    |  16|   0|   16|          0|
    |layer4_out_V_45_reg_1562                                                                    |  16|   0|   16|          0|
    |layer4_out_V_46_reg_1567                                                                    |  16|   0|   16|          0|
    |layer4_out_V_47_reg_1572                                                                    |  16|   0|   16|          0|
    |layer4_out_V_48_reg_1577                                                                    |  16|   0|   16|          0|
    |layer4_out_V_49_reg_1582                                                                    |  16|   0|   16|          0|
    |layer4_out_V_4_reg_1357                                                                     |  16|   0|   16|          0|
    |layer4_out_V_50_reg_1587                                                                    |  16|   0|   16|          0|
    |layer4_out_V_51_reg_1592                                                                    |  16|   0|   16|          0|
    |layer4_out_V_52_reg_1597                                                                    |  16|   0|   16|          0|
    |layer4_out_V_53_reg_1602                                                                    |  16|   0|   16|          0|
    |layer4_out_V_54_reg_1607                                                                    |  16|   0|   16|          0|
    |layer4_out_V_55_reg_1612                                                                    |  16|   0|   16|          0|
    |layer4_out_V_56_reg_1617                                                                    |  16|   0|   16|          0|
    |layer4_out_V_57_reg_1622                                                                    |  16|   0|   16|          0|
    |layer4_out_V_58_reg_1627                                                                    |  16|   0|   16|          0|
    |layer4_out_V_59_reg_1632                                                                    |  16|   0|   16|          0|
    |layer4_out_V_5_reg_1362                                                                     |  16|   0|   16|          0|
    |layer4_out_V_60_reg_1637                                                                    |  16|   0|   16|          0|
    |layer4_out_V_61_reg_1642                                                                    |  16|   0|   16|          0|
    |layer4_out_V_62_reg_1647                                                                    |  16|   0|   16|          0|
    |layer4_out_V_63_reg_1652                                                                    |  16|   0|   16|          0|
    |layer4_out_V_6_reg_1367                                                                     |  16|   0|   16|          0|
    |layer4_out_V_7_reg_1372                                                                     |  16|   0|   16|          0|
    |layer4_out_V_8_reg_1377                                                                     |  16|   0|   16|          0|
    |layer4_out_V_9_reg_1382                                                                     |  16|   0|   16|          0|
    |layer4_out_V_reg_1337                                                                       |  16|   0|   16|          0|
    |layer5_out_V_10_reg_1712                                                                    |  16|   0|   16|          0|
    |layer5_out_V_11_reg_1717                                                                    |  16|   0|   16|          0|
    |layer5_out_V_12_reg_1722                                                                    |  16|   0|   16|          0|
    |layer5_out_V_13_reg_1727                                                                    |  16|   0|   16|          0|
    |layer5_out_V_14_reg_1732                                                                    |  16|   0|   16|          0|
    |layer5_out_V_15_reg_1737                                                                    |  16|   0|   16|          0|
    |layer5_out_V_16_reg_1742                                                                    |  16|   0|   16|          0|
    |layer5_out_V_17_reg_1747                                                                    |  16|   0|   16|          0|
    |layer5_out_V_18_reg_1752                                                                    |  16|   0|   16|          0|
    |layer5_out_V_19_reg_1757                                                                    |  16|   0|   16|          0|
    |layer5_out_V_1_reg_1662                                                                     |  16|   0|   16|          0|
    |layer5_out_V_20_reg_1762                                                                    |  16|   0|   16|          0|
    |layer5_out_V_21_reg_1767                                                                    |  16|   0|   16|          0|
    |layer5_out_V_22_reg_1772                                                                    |  16|   0|   16|          0|
    |layer5_out_V_23_reg_1777                                                                    |  16|   0|   16|          0|
    |layer5_out_V_24_reg_1782                                                                    |  16|   0|   16|          0|
    |layer5_out_V_25_reg_1787                                                                    |  16|   0|   16|          0|
    |layer5_out_V_26_reg_1792                                                                    |  16|   0|   16|          0|
    |layer5_out_V_27_reg_1797                                                                    |  16|   0|   16|          0|
    |layer5_out_V_28_reg_1707                                                                    |  16|   0|   16|          0|
    |layer5_out_V_2_reg_1667                                                                     |  16|   0|   16|          0|
    |layer5_out_V_3_reg_1672                                                                     |  16|   0|   16|          0|
    |layer5_out_V_4_reg_1677                                                                     |  16|   0|   16|          0|
    |layer5_out_V_5_reg_1682                                                                     |  16|   0|   16|          0|
    |layer5_out_V_6_reg_1687                                                                     |  16|   0|   16|          0|
    |layer5_out_V_7_reg_1692                                                                     |  16|   0|   16|          0|
    |layer5_out_V_8_reg_1697                                                                     |  16|   0|   16|          0|
    |layer5_out_V_9_reg_1702                                                                     |  16|   0|   16|          0|
    |layer5_out_V_reg_1657                                                                       |  16|   0|   16|          0|
    |layer7_out_V_10_reg_1857                                                                    |  16|   0|   16|          0|
    |layer7_out_V_11_reg_1862                                                                    |  16|   0|   16|          0|
    |layer7_out_V_12_reg_1867                                                                    |  16|   0|   16|          0|
    |layer7_out_V_13_reg_1872                                                                    |  16|   0|   16|          0|
    |layer7_out_V_14_reg_1877                                                                    |  16|   0|   16|          0|
    |layer7_out_V_15_reg_1882                                                                    |  16|   0|   16|          0|
    |layer7_out_V_16_reg_1887                                                                    |  16|   0|   16|          0|
    |layer7_out_V_17_reg_1892                                                                    |  16|   0|   16|          0|
    |layer7_out_V_18_reg_1897                                                                    |  16|   0|   16|          0|
    |layer7_out_V_19_reg_1902                                                                    |  16|   0|   16|          0|
    |layer7_out_V_1_reg_1807                                                                     |  16|   0|   16|          0|
    |layer7_out_V_20_reg_1907                                                                    |  16|   0|   16|          0|
    |layer7_out_V_21_reg_1912                                                                    |  16|   0|   16|          0|
    |layer7_out_V_22_reg_1917                                                                    |  16|   0|   16|          0|
    |layer7_out_V_23_reg_1922                                                                    |  16|   0|   16|          0|
    |layer7_out_V_24_reg_1927                                                                    |  16|   0|   16|          0|
    |layer7_out_V_25_reg_1932                                                                    |  16|   0|   16|          0|
    |layer7_out_V_26_reg_1937                                                                    |  16|   0|   16|          0|
    |layer7_out_V_27_reg_1942                                                                    |  16|   0|   16|          0|
    |layer7_out_V_28_reg_1852                                                                    |  16|   0|   16|          0|
    |layer7_out_V_2_reg_1812                                                                     |  16|   0|   16|          0|
    |layer7_out_V_3_reg_1817                                                                     |  16|   0|   16|          0|
    |layer7_out_V_4_reg_1822                                                                     |  16|   0|   16|          0|
    |layer7_out_V_5_reg_1827                                                                     |  16|   0|   16|          0|
    |layer7_out_V_6_reg_1832                                                                     |  16|   0|   16|          0|
    |layer7_out_V_7_reg_1837                                                                     |  16|   0|   16|          0|
    |layer7_out_V_8_reg_1842                                                                     |  16|   0|   16|          0|
    |layer7_out_V_9_reg_1847                                                                     |  16|   0|   16|          0|
    |layer7_out_V_reg_1802                                                                       |  16|   0|   16|          0|
    |layer8_out_V_reg_1947                                                                       |  16|   0|   16|          0|
    +--------------------------------------------------------------------------------------------+----+----+-----+-----------+
    |Total                                                                                       |3003|   0| 3003|          0|
    +--------------------------------------------------------------------------------------------+----+----+-----+-----------+



================================================================
== Interface
================================================================
* Summary: 
+--------------------+-----+-----+------------+-----------------+--------------+
|      RTL Ports     | Dir | Bits|  Protocol  |  Source Object  |    C Type    |
+--------------------+-----+-----+------------+-----------------+--------------+
|ap_clk              |   in|    1|  ap_ctrl_hs|        myproject|  return value|
|ap_rst              |   in|    1|  ap_ctrl_hs|        myproject|  return value|
|ap_start            |   in|    1|  ap_ctrl_hs|        myproject|  return value|
|ap_done             |  out|    1|  ap_ctrl_hs|        myproject|  return value|
|ap_idle             |  out|    1|  ap_ctrl_hs|        myproject|  return value|
|ap_ready            |  out|    1|  ap_ctrl_hs|        myproject|  return value|
|q_dense_3_input     |   in|  160|     ap_none|  q_dense_3_input|       pointer|
|layer10_out         |  out|   16|      ap_vld|      layer10_out|       pointer|
|layer10_out_ap_vld  |  out|    1|      ap_vld|      layer10_out|       pointer|
+--------------------+-----+-----+------------+-----------------+--------------+

