Copyright 1986-2022 Xilinx, Inc. All Rights Reserved.
------------------------------------------------------------------------------------------
| Tool Version : Vivado v.2022.1 (lin64) Build 3526262 Mon Apr 18 15:47:01 MDT 2022
| Date         : Wed Apr 16 08:44:31 2025
| Host         : gpu2 running 64-bit Ubuntu 20.04.6 LTS
| Command      : report_utilization -slr -file slr_util_placed.rpt -pb slr_util_placed.pb
| Design       : level0_wrapper
| Device       : xcu55c-fsvh2892-2L-e
| Speed File   : -2L
| Design State : Fully Placed
------------------------------------------------------------------------------------------

Utilization Design Information

Table of Contents
-----------------
1. SLR Connectivity
2. SLR Connectivity Matrix
3. SLR CLB Logic and Dedicated Block Utilization
4. SLR IO Utilization

1. SLR Connectivity
-------------------

+----------------------------------+-------+-------+-----------+-------+
|                                  |  Used | Fixed | Available | Util% |
+----------------------------------+-------+-------+-----------+-------+
| SLR2 <-> SLR1                    |  5098 |       |     23040 | 22.13 |
|   SLR1 -> SLR2                   |  2589 |       |           | 11.24 |
|     Using TX_REG only            |     0 |     0 |           |       |
|     Using RX_REG only            |     0 |     0 |           |       |
|     Using Both TX_REG and RX_REG |     0 |     0 |           |       |
|   SLR2 -> SLR1                   |  2509 |       |           | 10.89 |
|     Using TX_REG only            |     0 |     0 |           |       |
|     Using RX_REG only            |     0 |     0 |           |       |
|     Using Both TX_REG and RX_REG |     0 |     0 |           |       |
| SLR1 <-> SLR0                    |  5391 |       |     23040 | 23.40 |
|   SLR0 -> SLR1                   |  2816 |       |           | 12.22 |
|     Using TX_REG only            |     0 |     0 |           |       |
|     Using RX_REG only            |     0 |     0 |           |       |
|     Using Both TX_REG and RX_REG |     0 |     0 |           |       |
|   SLR1 -> SLR0                   |  2575 |       |           | 11.18 |
|     Using TX_REG only            |     0 |     0 |           |       |
|     Using RX_REG only            |     0 |     0 |           |       |
|     Using Both TX_REG and RX_REG |     0 |     0 |           |       |
+----------------------------------+-------+-------+-----------+-------+
| Total SLLs Used                  | 10489 |       |           |       |
+----------------------------------+-------+-------+-----------+-------+


2. SLR Connectivity Matrix
--------------------------

+-----------+------+------+------+
| FROM \ TO | SLR2 | SLR1 | SLR0 |
+-----------+------+------+------+
| SLR2      |    0 | 2369 |  140 |
| SLR1      | 2526 |    0 | 2435 |
| SLR0      |   63 | 2753 |    0 |
+-----------+------+------+------+


3. SLR CLB Logic and Dedicated Block Utilization
------------------------------------------------

+----------------------------+-------+-------+-------+--------+--------+--------+
|          Site Type         |  SLR0 |  SLR1 |  SLR2 | SLR0 % | SLR1 % | SLR2 % |
+----------------------------+-------+-------+-------+--------+--------+--------+
| CLB                        | 16424 | 10340 |  6932 |  29.88 |  19.15 |  12.84 |
|   CLBL                     |  8798 |  5631 |  3622 |  30.05 |  19.23 |  12.37 |
|   CLBM                     |  7626 |  4709 |  3310 |  29.70 |  19.05 |  13.39 |
| CLB LUTs                   | 79261 | 58111 | 25526 |  18.03 |  13.45 |   5.91 |
|   LUT as Logic             | 75298 | 54442 | 24001 |  17.13 |  12.60 |   5.56 |
|     using O5 output only   |  1216 |   860 |   434 |   0.28 |   0.20 |   0.10 |
|     using O6 output only   | 52436 | 40328 | 17053 |  11.93 |   9.34 |   3.95 |
|     using O5 and O6        | 21646 | 13254 |  6514 |   4.92 |   3.07 |   1.51 |
|   LUT as Memory            |  3963 |  3669 |  1525 |   1.93 |   1.86 |   0.77 |
|     LUT as Distributed RAM |  1352 |  3532 |   820 |   0.66 |   1.79 |   0.41 |
|       using O5 output only |     0 |     0 |     0 |   0.00 |   0.00 |   0.00 |
|       using O6 output only |   240 |   386 |     4 |   0.12 |   0.20 |  <0.01 |
|       using O5 and O6      |  1112 |  3146 |   816 |   0.54 |   1.59 |   0.41 |
|     LUT as Shift Register  |  2611 |   137 |   705 |   1.27 |   0.07 |   0.36 |
|       using O5 output only |     0 |     0 |     0 |   0.00 |   0.00 |   0.00 |
|       using O6 output only |  1738 |    81 |   671 |   0.85 |   0.04 |   0.34 |
|       using O5 and O6      |   873 |    56 |    34 |   0.42 |   0.03 |   0.02 |
| CLB Registers              | 82604 | 66263 | 35318 |   9.39 |   7.67 |   4.09 |
| CARRY8                     |  5546 |   577 |   107 |  10.09 |   1.07 |   0.20 |
| F7 Muxes                   |  1414 |  1037 |   437 |   0.64 |   0.48 |   0.20 |
| F8 Muxes                   |   197 |   260 |     0 |   0.18 |   0.24 |   0.00 |
| F9 Muxes                   |     0 |     0 |     0 |   0.00 |   0.00 |   0.00 |
| Block RAM Tile             |  65.5 |    90 |    50 |   9.75 |  13.39 |   7.44 |
|   RAMB36/FIFO              |    62 |    90 |    50 |   9.23 |  13.39 |   7.44 |
|     RAMB36E2 only          |    62 |    90 |    50 |   9.23 |  13.39 |   7.44 |
|   RAMB18                   |     7 |     0 |     0 |   0.52 |   0.00 |   0.00 |
| URAM                       |     0 |     0 |     0 |   0.00 |   0.00 |   0.00 |
| DSPs                       |    19 |     0 |     4 |   0.66 |   0.00 |   0.13 |
| Unique Control Sets        |  2567 |  3175 |  1106 |   2.34 |   2.94 |   1.02 |
+----------------------------+-------+-------+-------+--------+--------+--------+
* Note: Available Control Sets based on CLB Registers / 8


4. SLR IO Utilization
---------------------

+-----------+-----------+---------+------------+----------+------------+----------+-----+
| SLR Index | Used IOBs | (%)IOBs | Used IPADs | (%)IPADs | Used OPADs | (%)OPADs | GTs |
+-----------+-----------+---------+------------+----------+------------+----------+-----+
| SLR2      |         0 |    0.00 |          0 |     0.00 |          0 |     0.00 |   0 |
| SLR1      |         0 |    0.00 |          0 |     0.00 |          0 |     0.00 |   0 |
| SLR0      |        12 |    5.77 |          0 |     0.00 |          0 |     0.00 |  16 |
+-----------+-----------+---------+------------+----------+------------+----------+-----+
| Total     |        12 |         |          0 |          |          0 |          |  16 |
+-----------+-----------+---------+------------+----------+------------+----------+-----+


