Copyright 1986-2022 Xilinx, Inc. All Rights Reserved.
------------------------------------------------------------------------------------------------------------------------------------------------------------------------------
| Tool Version : Vivado v.2022.1 (lin64) Build 3526262 Mon Apr 18 15:47:01 MDT 2022
| Date         : Wed Apr 16 08:02:05 2025
| Host         : gpu2 running 64-bit Ubuntu 20.04.6 LTS
| Command      : report_accelerator_utilization -kernels { myproject:level0_i/ulp/myproject_1/inst:myproject_1} -file kernel_util_synthed.rpt -name kernel_util_synthed -json
| Design       : level0_wrapper
| Device       : xcu55c
| Design State : Synthesized
------------------------------------------------------------------------------------------------------------------------------------------------------------------------------

Accelerator Utilization Design Information

Table of Contents
-----------------
1. System Utilization

1. System Utilization
---------------------

+---------------------+-------------------+------------------+-------------------+----------------+---------------+----------------+
| Name                | LUT               | LUTAsMem         | REG               | BRAM           | URAM          | DSP            |
+---------------------+-------------------+------------------+-------------------+----------------+---------------+----------------+
| Platform            |  135440 [ 10.39%] |   9860 [  1.64%] |  166093 [  6.37%] |  198 [  9.82%] |   0 [  0.00%] |    4 [  0.04%] |
| User Budget         | 1168240 [100.00%] | 591100 [100.00%] | 2441267 [100.00%] | 1818 [100.00%] | 960 [100.00%] | 9020 [100.00%] |
|    Used Resources   |   42776 [  3.66%] |    989 [  0.17%] |   19981 [  0.82%] |    7 [  0.39%] |   0 [  0.00%] |   19 [  0.21%] |
|    Unused Resources | 1125464 [ 96.34%] | 590111 [ 99.83%] | 2421286 [ 99.18%] | 1811 [ 99.61%] | 960 [100.00%] | 9001 [ 99.79%] |
| myproject           |   42776 [  3.66%] |    989 [  0.17%] |   19981 [  0.82%] |    7 [  0.39%] |   0 [  0.00%] |   19 [  0.21%] |
|    myproject_1      |   42776 [  3.66%] |    989 [  0.17%] |   19981 [  0.82%] |    7 [  0.39%] |   0 [  0.00%] |   19 [  0.21%] |
+---------------------+-------------------+------------------+-------------------+----------------+---------------+----------------+


