Copyright 1986-2022 Xilinx, Inc. All Rights Reserved.
----------------------------------------------------------------------------------------------------------------------------------------------------------------------------
| Tool Version : Vivado v.2022.1 (lin64) Build 3526262 Mon Apr 18 15:47:01 MDT 2022
| Date         : Wed Apr 16 08:44:06 2025
| Host         : gpu2 running 64-bit Ubuntu 20.04.6 LTS
| Command      : report_accelerator_utilization -kernels { myproject:level0_i/ulp/myproject_1/inst:myproject_1} -file kernel_util_placed.rpt -name kernel_util_placed -json
| Design       : level0_wrapper
| Device       : xcu55c
| Design State : Fully Placed
----------------------------------------------------------------------------------------------------------------------------------------------------------------------------

Accelerator Utilization Design Information

Table of Contents
-----------------
1. System Utilization

1. System Utilization
---------------------

+---------------------+-------------------+------------------+-------------------+----------------+---------------+----------------+
| Name                | LUT               | LUTAsMem         | REG               | BRAM           | URAM          | DSP            |
+---------------------+-------------------+------------------+-------------------+----------------+---------------+----------------+
| Platform            |  121255 [  9.30%] |   8440 [  1.40%] |  164236 [  6.30%] |  198 [  9.82%] |   0 [  0.00%] |    4 [  0.04%] |
| User Budget         | 1182425 [100.00%] | 592520 [100.00%] | 2443124 [100.00%] | 1818 [100.00%] | 960 [100.00%] | 9020 [100.00%] |
|    Used Resources   |   41651 [  3.52%] |    717 [  0.12%] |   19949 [  0.82%] |    7 [  0.39%] |   0 [  0.00%] |   19 [  0.21%] |
|    Unused Resources | 1140774 [ 96.48%] | 591803 [ 99.88%] | 2423175 [ 99.18%] | 1811 [ 99.61%] | 960 [100.00%] | 9001 [ 99.79%] |
| myproject           |   41651 [  3.52%] |    717 [  0.12%] |   19949 [  0.82%] |    7 [  0.39%] |   0 [  0.00%] |   19 [  0.21%] |
|    myproject_1      |   41651 [  3.52%] |    717 [  0.12%] |   19949 [  0.82%] |    7 [  0.39%] |   0 [  0.00%] |   19 [  0.21%] |
+---------------------+-------------------+------------------+-------------------+----------------+---------------+----------------+


